#
# There is insufficient memory for the Java Runtime Environment to continue.
# Native memory allocation (mmap) failed to map 266338304 bytes for G1 virtual space
# Possible reasons:
#   The system is out of physical RAM or swap space
#   The process is running with CompressedOops enabled, and the Java Heap may be blocking the growth of the native heap
# Possible solutions:
#   Reduce memory load on the system
#   Increase physical memory or swap space
#   Check if swap backing store is full
#   Decrease Java heap size (-Xmx/-Xms)
#   Decrease number of Java threads
#   Decrease Java thread stack sizes (-Xss)
#   Set larger code cache with -XX:ReservedCodeCacheSize=
#   JVM is running with Zero Based Compressed Oops mode in which the Java heap is
#     placed in the first 32GB address space. The Java Heap base address is the
#     maximum limit for the native heap growth. Please use -XX:HeapBaseMinAddress
#     to set the Java Heap base and to place the Java Heap above 32GB virtual address.
# This output file may be truncated or incomplete.
#
#  Out of Memory Error (os_windows.cpp:3600), pid=16044, tid=26344
#
# JRE version:  (21.0.2+13) (build )
# Java VM: OpenJDK 64-Bit Server VM (21.0.2+13-58, mixed mode, sharing, tiered, compressed oops, compressed class ptrs, g1 gc, windows-amd64)
# No core dump will be written. Minidumps are not enabled by default on client versions of Windows
#

---------------  S U M M A R Y ------------

Command Line: -javaagent:C:\Program Files\JetBrains\IntelliJ IDEA 2023.3.4\lib\idea_rt.jar=38887:C:\Program Files\JetBrains\IntelliJ IDEA 2023.3.4\bin -Dfile.encoding=UTF-8 -Dsun.stdout.encoding=UTF-8 -Dsun.stderr.encoding=UTF-8 --module-path=C:\Users\ferdi\.m2\repository\org\openjfx\javafx-fxml\21-ea+24\javafx-fxml-21-ea+24-win.jar;C:\Users\ferdi\.m2\repository\org\openjfx\javafx-base\21-ea+24\javafx-base-21-ea+24-win.jar;C:\Users\ferdi\.m2\repository\org\openjfx\javafx-controls\21-ea+24\javafx-controls-21-ea+24-win.jar;C:\Users\ferdi\.m2\repository\org\controlsfx\controlsfx\11.1.2\controlsfx-11.1.2.jar;C:\Users\ferdi\.m2\repository\org\openjfx\javafx-graphics\21-ea+24\javafx-graphics-21-ea+24-win.jar;C:\Users\ferdi\.m2\repository\com\fasterxml\jackson\core\jackson-annotations\2.12.1\jackson-annotations-2.12.1.jar;C:\Users\ferdi\.m2\repository\com\fasterxml\jackson\core\jackson-databind\2.14.2\jackson-databind-2.14.2.jar;C:\Users\ferdi\Desktop\UNI\Ingegneria del Software\Progetto\ProgettoAM39\CodexNaturalis\CodexNaturalis\target\classes;C:\Users\ferdi\.m2\repository\com\fasterxml\jackson\core\jackson-core\2.14.2\jackson-core-2.14.2.jar -Djdk.module.main=com.example.codexnaturalis com.example.codexnaturalis/com.example.codexnaturalis.ZakClient localhost 8087

Host: Intel(R) Core(TM) i7-10750H CPU @ 2.60GHz, 12 cores, 15G,  Windows 11 , 64 bit Build 22621 (10.0.22621.3374)
Time: Sat Apr 20 14:13:00 2024 ora legale Europa occidentale elapsed time: 0.009599 seconds (0d 0h 0m 0s)

---------------  T H R E A D  ---------------

Current thread (0x000001ee8eae5fe0):  JavaThread "Unknown thread" [_thread_in_vm, id=26344, stack(0x0000008aa0b00000,0x0000008aa0c00000) (1024K)]

Stack: [0x0000008aa0b00000,0x0000008aa0c00000]
Native frames: (J=compiled Java code, j=interpreted, Vv=VM code, C=native code)
V  [jvm.dll+0x6cade9]
V  [jvm.dll+0x8569c1]
V  [jvm.dll+0x858d2e]
V  [jvm.dll+0x859413]
V  [jvm.dll+0x280e56]
V  [jvm.dll+0x6c74d5]
V  [jvm.dll+0x6bbeca]
V  [jvm.dll+0x355bca]
V  [jvm.dll+0x35d816]
V  [jvm.dll+0x3ae67e]
V  [jvm.dll+0x3ae928]
V  [jvm.dll+0x3295dc]
V  [jvm.dll+0x32a16b]
V  [jvm.dll+0x81efa9]
V  [jvm.dll+0x3bba01]
V  [jvm.dll+0x807928]
V  [jvm.dll+0x44f50e]
V  [jvm.dll+0x450e11]
C  [jli.dll+0x52a3]
C  [ucrtbase.dll+0x29333]
C  [KERNEL32.DLL+0x1257d]
C  [ntdll.dll+0x5aa48]


---------------  P R O C E S S  ---------------

Threads class SMR info:
_java_thread_list=0x00007ffc17a0bb88, length=0, elements={
}

Java Threads: ( => current thread )
Total: 0

Other Threads:
  0x000001ee8ed927b0 WorkerThread "GC Thread#0"                     [id=21748, stack(0x0000008aa0c00000,0x0000008aa0d00000) (1024K)]
  0x000001ee8eda3c90 ConcurrentGCThread "G1 Main Marker"            [id=13256, stack(0x0000008aa0d00000,0x0000008aa0e00000) (1024K)]
  0x000001ee8eda4790 WorkerThread "G1 Conc#0"                       [id=21652, stack(0x0000008aa0e00000,0x0000008aa0f00000) (1024K)]

[error occurred during error reporting (printing all threads), id 0xc0000005, EXCEPTION_ACCESS_VIOLATION (0xc0000005) at pc=0x00007ffc1717c6a7]
VM state: not at safepoint (not fully initialized)

VM Mutex/Monitor currently owned by a thread:  ([mutex/lock_event])
[0x00007ffc17a7ce68] Heap_lock - owner thread: 0x000001ee8eae5fe0

Heap address: 0x0000000702c00000, size: 4052 MB, Compressed Oops mode: Zero based, Oop shift amount: 3

CDS archive(s) mapped at: [0x0000000000000000-0x0000000000000000-0x0000000000000000), size 0, SharedBaseAddress: 0x0000000800000000, ArchiveRelocationMode: 1.
Narrow klass base: 0x0000000000000000, Narrow klass shift: 0, Narrow klass range: 0x0

GC Precious Log:
 CardTable entry size: 512
 Card Set container configuration: InlinePtr #cards 4 size 8 Array Of Cards #cards 16 size 48 Howl #buckets 8 coarsen threshold 3686 Howl Bitmap #cards 512 size 80 coarsen threshold 460 Card regions per heap region 1 cards per card region 4096

Heap:
 garbage-first heap   total 0K, used 0K [0x0000000702c00000, 0x0000000800000000)
  region size 2048K, 0 young (0K), 0 survivors (0K)

[error occurred during error reporting (printing heap information), id 0xc0000005, EXCEPTION_ACCESS_VIOLATION (0xc0000005) at pc=0x00007ffc175639f9]
GC Heap History (0 events):
No events

Dll operation events (1 events):
Event: 0.006 Loaded shared library C:\Users\ferdi\.jdks\openjdk-21.0.2\bin\java.dll

Deoptimization events (0 events):
No events

Classes loaded (0 events):
No events

Classes unloaded (0 events):
No events

Classes redefined (0 events):
No events

Internal exceptions (0 events):
No events

ZGC Phase Switch (0 events):
No events

VM Operations (0 events):
No events

Events (0 events):
No events


Dynamic libraries:
0x00007ff77f300000 - 0x00007ff77f30e000 	C:\Users\ferdi\.jdks\openjdk-21.0.2\bin\java.exe
0x00007ffc84270000 - 0x00007ffc84486000 	C:\WINDOWS\SYSTEM32\ntdll.dll
0x00007ffc83400000 - 0x00007ffc834c4000 	C:\WINDOWS\System32\KERNEL32.DLL
0x00007ffc81bf0000 - 0x00007ffc81f97000 	C:\WINDOWS\System32\KERNELBASE.dll
0x00007ffc81ad0000 - 0x00007ffc81be1000 	C:\WINDOWS\System32\ucrtbase.dll
0x00007ffc7b610000 - 0x00007ffc7b62b000 	C:\Users\ferdi\.jdks\openjdk-21.0.2\bin\VCRUNTIME140.dll
0x00007ffc7c2e0000 - 0x00007ffc7c2f8000 	C:\Users\ferdi\.jdks\openjdk-21.0.2\bin\jli.dll
0x00007ffc82080000 - 0x00007ffc8222e000 	C:\WINDOWS\System32\USER32.dll
0x00007ffc81720000 - 0x00007ffc81746000 	C:\WINDOWS\System32\win32u.dll
0x00007ffc659d0000 - 0x00007ffc65c63000 	C:\WINDOWS\WinSxS\amd64_microsoft.windows.common-controls_6595b64144ccf1df_6.0.22621.3235_none_270f74e173860f98\COMCTL32.dll
0x00007ffc835d0000 - 0x00007ffc835f9000 	C:\WINDOWS\System32\GDI32.dll
0x00007ffc830d0000 - 0x00007ffc83177000 	C:\WINDOWS\System32\msvcrt.dll
0x00007ffc81980000 - 0x00007ffc81a99000 	C:\WINDOWS\System32\gdi32full.dll
0x00007ffc81590000 - 0x00007ffc8162a000 	C:\WINDOWS\System32\msvcp_win.dll
0x00007ffc82e80000 - 0x00007ffc82eb1000 	C:\WINDOWS\System32\IMM32.DLL
0x00007ffc7cb00000 - 0x00007ffc7cb0c000 	C:\Users\ferdi\.jdks\openjdk-21.0.2\bin\vcruntime140_1.dll
0x00007ffc797f0000 - 0x00007ffc7987e000 	C:\Users\ferdi\.jdks\openjdk-21.0.2\bin\msvcp140.dll
0x00007ffc16e40000 - 0x00007ffc17b57000 	C:\Users\ferdi\.jdks\openjdk-21.0.2\bin\server\jvm.dll
0x00007ffc82240000 - 0x00007ffc822f2000 	C:\WINDOWS\System32\ADVAPI32.dll
0x00007ffc83180000 - 0x00007ffc83228000 	C:\WINDOWS\System32\sechost.dll
0x00007ffc81aa0000 - 0x00007ffc81ac8000 	C:\WINDOWS\System32\bcrypt.dll
0x00007ffc82420000 - 0x00007ffc82535000 	C:\WINDOWS\System32\RPCRT4.dll
0x00007ffc82000000 - 0x00007ffc82071000 	C:\WINDOWS\System32\WS2_32.dll
0x00007ffc803f0000 - 0x00007ffc8043d000 	C:\WINDOWS\SYSTEM32\POWRPROF.dll
0x00007ffc7b420000 - 0x00007ffc7b454000 	C:\WINDOWS\SYSTEM32\WINMM.dll
0x00007ffc7c5d0000 - 0x00007ffc7c5da000 	C:\WINDOWS\SYSTEM32\VERSION.dll
0x00007ffc803d0000 - 0x00007ffc803e3000 	C:\WINDOWS\SYSTEM32\UMPDC.dll
0x00007ffc80690000 - 0x00007ffc806a8000 	C:\WINDOWS\SYSTEM32\kernel.appcore.dll
0x00007ffc7b820000 - 0x00007ffc7b82a000 	C:\Users\ferdi\.jdks\openjdk-21.0.2\bin\jimage.dll
0x00007ffc7ea70000 - 0x00007ffc7eca3000 	C:\WINDOWS\SYSTEM32\DBGHELP.DLL
0x00007ffc82540000 - 0x00007ffc828c8000 	C:\WINDOWS\System32\combase.dll
0x00007ffc840a0000 - 0x00007ffc84177000 	C:\WINDOWS\System32\OLEAUT32.dll
0x00007ffc7a030000 - 0x00007ffc7a062000 	C:\WINDOWS\SYSTEM32\dbgcore.DLL
0x00007ffc81630000 - 0x00007ffc816a9000 	C:\WINDOWS\System32\bcryptPrimitives.dll
0x00007ffc7b5e0000 - 0x00007ffc7b5ef000 	C:\Users\ferdi\.jdks\openjdk-21.0.2\bin\instrument.dll
0x00007ffc7b5f0000 - 0x00007ffc7b60f000 	C:\Users\ferdi\.jdks\openjdk-21.0.2\bin\java.dll

dbghelp: loaded successfully - version: 4.0.5 - missing functions: none
symbol engine: initialized successfully - sym options: 0x614 - pdb path: .;C:\Users\ferdi\.jdks\openjdk-21.0.2\bin;C:\WINDOWS\SYSTEM32;C:\WINDOWS\WinSxS\amd64_microsoft.windows.common-controls_6595b64144ccf1df_6.0.22621.3235_none_270f74e173860f98;C:\Users\ferdi\.jdks\openjdk-21.0.2\bin\server

VM Arguments:
jvm_args: -javaagent:C:\Program Files\JetBrains\IntelliJ IDEA 2023.3.4\lib\idea_rt.jar=38887:C:\Program Files\JetBrains\IntelliJ IDEA 2023.3.4\bin -Dfile.encoding=UTF-8 -Dsun.stdout.encoding=UTF-8 -Dsun.stderr.encoding=UTF-8 --module-path=C:\Users\ferdi\.m2\repository\org\openjfx\javafx-fxml\21-ea+24\javafx-fxml-21-ea+24-win.jar;C:\Users\ferdi\.m2\repository\org\openjfx\javafx-base\21-ea+24\javafx-base-21-ea+24-win.jar;C:\Users\ferdi\.m2\repository\org\openjfx\javafx-controls\21-ea+24\javafx-controls-21-ea+24-win.jar;C:\Users\ferdi\.m2\repository\org\controlsfx\controlsfx\11.1.2\controlsfx-11.1.2.jar;C:\Users\ferdi\.m2\repository\org\openjfx\javafx-graphics\21-ea+24\javafx-graphics-21-ea+24-win.jar;C:\Users\ferdi\.m2\repository\com\fasterxml\jackson\core\jackson-annotations\2.12.1\jackson-annotations-2.12.1.jar;C:\Users\ferdi\.m2\repository\com\fasterxml\jackson\core\jackson-databind\2.14.2\jackson-databind-2.14.2.jar;C:\Users\ferdi\Desktop\UNI\Ingegneria del Software\Progetto\ProgettoAM39\CodexNaturalis\CodexNaturalis\target\classes;C:\Users\ferdi\.m2\repository\com\fasterxml\jackson\core\jackson-core\2.14.2\jackson-core-2.14.2.jar -Djdk.module.main=com.example.codexnaturalis 
java_command: com.example.codexnaturalis/com.example.codexnaturalis.ZakClient localhost 8087
java_class_path (initial): C:\Users\ferdi\.m2\repository\org\openjfx\javafx-controls\21-ea+24\javafx-controls-21-ea+24.jar;C:\Users\ferdi\.m2\repository\org\openjfx\javafx-graphics\21-ea+24\javafx-graphics-21-ea+24.jar;C:\Users\ferdi\.m2\repository\org\openjfx\javafx-base\21-ea+24\javafx-base-21-ea+24.jar;C:\Users\ferdi\.m2\repository\org\openjfx\javafx-fxml\21-ea+24\javafx-fxml-21-ea+24.jar
Launcher Type: SUN_STANDARD

[Global flags]
     intx CICompilerCount                          = 4                                         {product} {ergonomic}
     uint ConcGCThreads                            = 3                                         {product} {ergonomic}
     uint G1ConcRefinementThreads                  = 10                                        {product} {ergonomic}
   size_t G1HeapRegionSize                         = 2097152                                   {product} {ergonomic}
    uintx GCDrainStackTargetSize                   = 64                                        {product} {ergonomic}
   size_t InitialHeapSize                          = 266338304                                 {product} {ergonomic}
   size_t MarkStackSize                            = 4194304                                   {product} {ergonomic}
   size_t MaxHeapSize                              = 4248829952                                {product} {ergonomic}
   size_t MinHeapDeltaBytes                        = 2097152                                   {product} {ergonomic}
   size_t MinHeapSize                              = 8388608                                   {product} {ergonomic}
    uintx NonNMethodCodeHeapSize                   = 5839372                                {pd product} {ergonomic}
    uintx NonProfiledCodeHeapSize                  = 122909434                              {pd product} {ergonomic}
    uintx ProfiledCodeHeapSize                     = 122909434                              {pd product} {ergonomic}
    uintx ReservedCodeCacheSize                    = 251658240                              {pd product} {ergonomic}
     bool SegmentedCodeCache                       = true                                      {product} {ergonomic}
   size_t SoftMaxHeapSize                          = 4248829952                             {manageable} {ergonomic}
     bool UseCompressedOops                        = true                           {product lp64_product} {ergonomic}
     bool UseG1GC                                  = true                                      {product} {ergonomic}
     bool UseLargePagesIndividualAllocation        = false                                  {pd product} {ergonomic}

Logging:
Log output configuration:
 #0: stdout all=warning uptime,level,tags foldmultilines=false
 #1: stderr all=off uptime,level,tags foldmultilines=false

Environment Variables:
PATH=C:\Program Files\Oculus\Support\oculus-runtime;C:\Program Files (x86)\Common Files\Oracle\Java\javapath;C:\Windows\system32;C:\Windows;C:\Windows\System32\Wbem;C:\Windows\System32\WindowsPowerShell\v1.0\;C:\Windows\System32\OpenSSH\;C:\Program Files (x86)\NVIDIA Corporation\PhysX\Common;C:\Program Files\NVIDIA Corporation\NVIDIA NvDLISR;C:\Program Files\dotnet\;C:\Program Files\MATLAB\R2020b\bin;C:\WINDOWS\system32;C:\WINDOWS;C:\WINDOWS\System32\Wbem;C:\WINDOWS\System32\WindowsPowerShell\v1.0\;C:\WINDOWS\System32\OpenSSH\;C:\Program Files\PuTTY\;C:\Program Files\WireGuard\;C:\Program Files (x86)\Windows Kits\10\Windows Performance Toolkit\;C:\Program Files\PowerShell\7\;C:\Program Files\Git\cmd;C:\Users\ferdi\AppData\Local\Programs\Python\Python39\Scripts\;C:\Users\ferdi\AppData\Local\Programs\Python\Python39\;C:\Users\ferdi\AppData\Local\Microsoft\WindowsApps;C:\Users\ferdi\.dotnet\tools;C:\Program Files\JetBrains\PyCharm Community Edition 2020.3.5\bin;;C:\Users\ferdi\AppData\Local\Programs\MiKTeX\miktex\bin\x64\;C:\Program Files (x86)\Nmap;;C:\Program Files\JetBrains\IntelliJ IDEA Community Edition 2023.2.5\bin;;C:\Program Files\JetBrains\CLion 2023.3.2\bin;;C:\Program Files\JetBrains\IntelliJ IDEA 2023.3.4\bin;
USERNAME=ferdi
OS=Windows_NT
PROCESSOR_IDENTIFIER=Intel64 Family 6 Model 165 Stepping 2, GenuineIntel
TMP=C:\Users\ferdi\AppData\Local\Temp
TEMP=C:\Users\ferdi\AppData\Local\Temp




Periodic native trim disabled

---------------  S Y S T E M  ---------------

OS:
 Windows 11 , 64 bit Build 22621 (10.0.22621.3374)
OS uptime: 9 days 1:54 hours
Hyper-V role detected

CPU: total 12 (initial active 12) (6 cores per cpu, 2 threads per core) family 6 model 165 stepping 2 microcode 0xe0, cx8, cmov, fxsr, ht, mmx, 3dnowpref, sse, sse2, sse3, ssse3, sse4.1, sse4.2, popcnt, lzcnt, tsc, tscinvbit, avx, avx2, aes, erms, clmul, bmi1, bmi2, adx, fma, vzeroupper, clflush, clflushopt, hv, rdtscp, f16c
Processor Information for all 12 processors :
  Max Mhz: 2592, Current Mhz: 2592, Mhz Limit: 2592

Memory: 4k page, system-wide physical 16204M (1461M free)
TotalPageFile size 32604M (AvailPageFile size 167M)
current process WorkingSet (physical memory assigned to process): 11M, peak: 11M
current process commit charge ("private bytes"): 64M, peak: 318M

vm_info: OpenJDK 64-Bit Server VM (21.0.2+13-58) for windows-amd64 JRE (21.0.2+13-58), built on 2024-01-05T18:32:24Z by "mach5one" with MS VC++ 17.1 (VS2022)

END.
